2026-06-21 21:39:10,000 - Launcher - INFO - Installing/Updating dependencies...
2026-06-21 21:40:13,000 - Launcher - INFO - Performing initial git pull...
2026-06-21 21:40:16,000 - Launcher - INFO - Starting web_gui.py...
2026-06-21 21:40:16,000 - Launcher - INFO - Watching for git pushes every 30s... (Press Ctrl+C to stop)
2026-06-21 21:40:46,000 - Launcher - INFO - Bot process died! Restarting...
2026-06-21 21:40:46,000 - Launcher - INFO - Starting web_gui.py...
2026-06-21 21:41:16,000 - Launcher - INFO - Bot process died! Restarting...
2026-06-21 21:41:16,000 - Launcher - INFO - Starting web_gui.py...
2026-06-21 21:41:18,602 - WebGUI - INFO - 
================================================================================
2026-06-21 21:41:18,603 - WebGUI - INFO -   Polymarket Multi-Account Copy Trading Bot - Web GUI
2026-06-21 21:41:18,603 - WebGUI - INFO -   Starting server at http://localhost:5000
2026-06-21 21:41:18,603 - WebGUI - INFO -   Features:
2026-06-21 21:41:18,603 - WebGUI - INFO -     • Multi-account tracking with configurable delays
2026-06-21 21:41:18,603 - WebGUI - INFO -     • Excel export for positions, history, and full reports
2026-06-21 21:41:18,603 - WebGUI - INFO -     • Real-time portfolio monitoring
2026-06-21 21:41:18,603 - WebGUI - INFO -     • Per-account statistics and management
2026-06-21 21:41:18,603 - WebGUI - INFO - ================================================================================

2026-06-21 21:41:18,680 - WebGUI - INFO - [31m[1mWARNING: This is a development server. Do not use it in a production deployment. Use a production WSGI server instead.[0m
 * Running on all addresses (0.0.0.0)
 * Running on http://127.0.0.1:5000
 * Running on http://192.168.1.11:5000
2026-06-21 21:41:18,681 - WebGUI - INFO - [33mPress CTRL+C to quit[0m [x2]
